127.0.0.1 - - [28/Nov/2024:09:51:44 +0900] "GET / HTTP/1.1" 404 807
127.0.0.1 - - [28/Nov/2024:10:16:35 +0900] "GET / HTTP/1.1" 404 807
0:0:0:0:0:0:0:1 - - [28/Nov/2024:10:16:39 +0900] "GET /firstzone/home.do HTTP/1.1" 200 223
0:0:0:0:0:0:0:1 - - [28/Nov/2024:10:16:39 +0900] "GET /favicon.ico HTTP/1.1" 404 818
0:0:0:0:0:0:0:1 - - [28/Nov/2024:10:47:03 +0900] "GET /firstzone/home.do HTTP/1.1" 500 28484
0:0:0:0:0:0:0:1 - - [28/Nov/2024:10:47:06 +0900] "GET /myapp/home.do HTTP/1.1" 404 824
0:0:0:0:0:0:0:1 - - [28/Nov/2024:10:47:15 +0900] "GET /firstzone/dept/deptList.do HTTP/1.1" 500 28484
0:0:0:0:0:0:0:1 - - [28/Nov/2024:10:47:20 +0900] "GET /firstzone/dept/deptList.do HTTP/1.1" 500 28484
0:0:0:0:0:0:0:1 - - [28/Nov/2024:10:47:44 +0900] "GET /firstzone/dept/deptList.do HTTP/1.1" 500 28484
0:0:0:0:0:0:0:1 - - [28/Nov/2024:10:48:07 +0900] "GET /firstzone/dept/deptList.do HTTP/1.1" 500 28484
0:0:0:0:0:0:0:1 - - [28/Nov/2024:10:48:54 +0900] "GET /firstzone/dept/deptList.do HTTP/1.1" 500 28484
0:0:0:0:0:0:0:1 - - [28/Nov/2024:10:48:56 +0900] "GET /firstzone/dept/deptList.do HTTP/1.1" 500 28484
127.0.0.1 - - [28/Nov/2024:10:49:08 +0900] "GET / HTTP/1.1" 404 807
0:0:0:0:0:0:0:1 - - [28/Nov/2024:10:49:11 +0900] "GET /firstzone/dept/deptList.do HTTP/1.1" 500 28482
0:0:0:0:0:0:0:1 - - [28/Nov/2024:10:49:35 +0900] "GET /firstzone/dept/deptList.do HTTP/1.1" 500 28482
0:0:0:0:0:0:0:1 - - [28/Nov/2024:10:50:09 +0900] "GET /firstzone/dept/deptList.do HTTP/1.1" 500 8899
0:0:0:0:0:0:0:1 - - [28/Nov/2024:10:51:19 +0900] "GET /firstzone/dept/deptList.do HTTP/1.1" 500 8899
0:0:0:0:0:0:0:1 - - [28/Nov/2024:10:51:21 +0900] "GET /firstzone/dept/deptList.do HTTP/1.1" 500 8899
0:0:0:0:0:0:0:1 - - [28/Nov/2024:10:51:22 +0900] "GET /firstzone/dept/deptList.do HTTP/1.1" 500 8899
0:0:0:0:0:0:0:1 - - [28/Nov/2024:10:51:24 +0900] "GET /firstzone/dept/deptList.do HTTP/1.1" 500 8899
127.0.0.1 - - [28/Nov/2024:10:51:31 +0900] "GET / HTTP/1.1" 404 807
0:0:0:0:0:0:0:1 - - [28/Nov/2024:10:51:34 +0900] "GET /firstzone/dept/deptList.do HTTP/1.1" 404 721
0:0:0:0:0:0:0:1 - - [28/Nov/2024:10:52:00 +0900] "GET /firstzone/dept/deptList.do HTTP/1.1" 404 721
127.0.0.1 - - [28/Nov/2024:10:52:09 +0900] "GET / HTTP/1.1" 404 807
0:0:0:0:0:0:0:1 - - [28/Nov/2024:10:52:14 +0900] "GET /firstzone/dept/deptList.do HTTP/1.1" 200 1281
0:0:0:0:0:0:0:1 - - [28/Nov/2024:10:53:27 +0900] "GET /firstzone/dept/deptList.do HTTP/1.1" 200 2504
127.0.0.1 - - [28/Nov/2024:10:54:01 +0900] "GET / HTTP/1.1" 404 807
0:0:0:0:0:0:0:1 - - [28/Nov/2024:10:54:10 +0900] "GET /firstzone/dept/deptList.do HTTP/1.1" 200 7698
0:0:0:0:0:0:0:1 - - [28/Nov/2024:11:25:31 +0900] "GET /firstzone/test1.do HTTP/1.1" 500 10792
0:0:0:0:0:0:0:1 - - [28/Nov/2024:11:25:36 +0900] "GET /firstzone/test2.do HTTP/1.1" 500 10792
127.0.0.1 - - [28/Nov/2024:11:25:48 +0900] "GET / HTTP/1.1" 404 807
0:0:0:0:0:0:0:1 - - [28/Nov/2024:11:25:50 +0900] "GET /firstzone/test2.do HTTP/1.1" 500 10792
0:0:0:0:0:0:0:1 - - [28/Nov/2024:11:25:53 +0900] "GET /firstzone/test2.do HTTP/1.1" 500 10792
0:0:0:0:0:0:0:1 - - [28/Nov/2024:11:26:28 +0900] "GET /firstzone/test2.do HTTP/1.1" 500 10792
127.0.0.1 - - [28/Nov/2024:11:26:38 +0900] "GET / HTTP/1.1" 404 807
0:0:0:0:0:0:0:1 - - [28/Nov/2024:11:26:40 +0900] "GET /firstzone/test2.do HTTP/1.1" 500 10792
0:0:0:0:0:0:0:1 - - [28/Nov/2024:11:26:45 +0900] "GET /firstzone/test2.do HTTP/1.1" 500 10792
0:0:0:0:0:0:0:1 - - [28/Nov/2024:11:26:47 +0900] "GET /firstzone/test2.do HTTP/1.1" 500 10792
0:0:0:0:0:0:0:1 - - [28/Nov/2024:11:26:48 +0900] "GET /firstzone/test2.do HTTP/1.1" 500 10792
0:0:0:0:0:0:0:1 - - [28/Nov/2024:11:26:52 +0900] "GET /firstzone/test2.do HTTP/1.1" 500 10792
0:0:0:0:0:0:0:1 - - [28/Nov/2024:11:26:53 +0900] "GET /firstzone/test2.do HTTP/1.1" 500 10792
127.0.0.1 - - [28/Nov/2024:11:28:23 +0900] "GET / HTTP/1.1" 404 807
0:0:0:0:0:0:0:1 - - [28/Nov/2024:11:28:25 +0900] "GET /firstzone/test2.do HTTP/1.1" 500 10792
127.0.0.1 - - [28/Nov/2024:11:30:21 +0900] "GET / HTTP/1.1" 404 807
0:0:0:0:0:0:0:1 - - [28/Nov/2024:11:30:45 +0900] "GET /firstzone/test2.do HTTP/1.1" 404 829
127.0.0.1 - - [28/Nov/2024:11:32:18 +0900] "GET / HTTP/1.1" 404 807
0:0:0:0:0:0:0:1 - - [28/Nov/2024:11:32:22 +0900] "GET /firstzone/test2.do HTTP/1.1" 404 829
0:0:0:0:0:0:0:1 - - [28/Nov/2024:11:32:25 +0900] "GET /firstzone/test2.do HTTP/1.1" 404 829
0:0:0:0:0:0:0:1 - - [28/Nov/2024:11:32:26 +0900] "GET /firstzone/test2.do HTTP/1.1" 404 829
0:0:0:0:0:0:0:1 - - [28/Nov/2024:11:32:27 +0900] "GET /firstzone/test2.do HTTP/1.1" 404 829
0:0:0:0:0:0:0:1 - - [28/Nov/2024:11:32:55 +0900] "GET /firstzone/test2.do HTTP/1.1" 404 829
127.0.0.1 - - [28/Nov/2024:11:33:25 +0900] "GET / HTTP/1.1" 404 807
0:0:0:0:0:0:0:1 - - [28/Nov/2024:11:33:27 +0900] "GET /firstzone/test2.do HTTP/1.1" 404 829
0:0:0:0:0:0:0:1 - - [28/Nov/2024:11:34:25 +0900] "GET /firstzone/test1.do HTTP/1.1" 404 829
0:0:0:0:0:0:0:1 - - [28/Nov/2024:11:34:27 +0900] "GET /firstzone/test1.do HTTP/1.1" 404 829
127.0.0.1 - - [28/Nov/2024:11:34:35 +0900] "GET / HTTP/1.1" 404 807
0:0:0:0:0:0:0:1 - - [28/Nov/2024:11:34:39 +0900] "GET /firstzone/test1.do HTTP/1.1" 404 829
0:0:0:0:0:0:0:1 - - [28/Nov/2024:11:34:49 +0900] "GET /firstzone/test1.do HTTP/1.1" 404 829
127.0.0.1 - - [28/Nov/2024:11:34:56 +0900] "GET / HTTP/1.1" 404 807
0:0:0:0:0:0:0:1 - - [28/Nov/2024:11:35:06 +0900] "GET /firstzone/test1.do HTTP/1.1" 404 829
127.0.0.1 - - [28/Nov/2024:11:36:47 +0900] "GET / HTTP/1.1" 404 807
0:0:0:0:0:0:0:1 - - [28/Nov/2024:11:36:50 +0900] "GET /firstzone/test1.do HTTP/1.1" 200 176
0:0:0:0:0:0:0:1 - - [28/Nov/2024:11:37:02 +0900] "GET /firstzone/test2.do HTTP/1.1" 200 247
0:0:0:0:0:0:0:1 - - [28/Nov/2024:11:37:08 +0900] "GET /firstzone/test3.do HTTP/1.1" 200 247
0:0:0:0:0:0:0:1 - - [28/Nov/2024:11:37:11 +0900] "GET /firstzone/test3.do HTTP/1.1" 200 247
0:0:0:0:0:0:0:1 - - [28/Nov/2024:11:37:14 +0900] "GET /firstzone/test4.do HTTP/1.1" 404 721
0:0:0:0:0:0:0:1 - - [28/Nov/2024:11:37:41 +0900] "GET /firstzone/test3.do HTTP/1.1" 200 247
127.0.0.1 - - [28/Nov/2024:11:42:20 +0900] "GET / HTTP/1.1" 404 807
0:0:0:0:0:0:0:1 - - [28/Nov/2024:11:42:32 +0900] "GET /firstzone/jspTest/first1.do HTTP/1.1" 200 152
0:0:0:0:0:0:0:1 - - [28/Nov/2024:11:42:37 +0900] "GET /firstzone/jspTest/first2.do HTTP/1.1" 200 152
0:0:0:0:0:0:0:1 - - [28/Nov/2024:11:42:40 +0900] "GET /firstzone/jspTest/first3.do HTTP/1.1" 200 152
0:0:0:0:0:0:0:1 - - [28/Nov/2024:12:10:38 +0900] "GET /firstzone/jspTest/second1.do HTTP/1.1" 404 721
0:0:0:0:0:0:0:1 - - [28/Nov/2024:12:10:45 +0900] "GET /firstzone/jspTest/second1.do HTTP/1.1" 404 721
0:0:0:0:0:0:0:1 - - [28/Nov/2024:12:10:49 +0900] "GET /firstzone/jspTest/second1.do HTTP/1.1" 404 721
127.0.0.1 - - [28/Nov/2024:12:11:03 +0900] "GET / HTTP/1.1" 404 807
0:0:0:0:0:0:0:1 - - [28/Nov/2024:12:11:03 +0900] "GET /firstzone/jspTest/second1.do HTTP/1.1" 200 152
0:0:0:0:0:0:0:1 - - [28/Nov/2024:12:18:19 +0900] "GET /firstzone/jspTest/second1.do HTTP/1.1" 200 414
0:0:0:0:0:0:0:1 - - [28/Nov/2024:12:19:31 +0900] "GET /firstzone/jspTest/second1.do HTTP/1.1" 200 414
127.0.0.1 - - [28/Nov/2024:12:20:25 +0900] "GET / HTTP/1.1" 404 807
0:0:0:0:0:0:0:1 - - [28/Nov/2024:12:20:27 +0900] "GET /firstzone/jspTest/second1.do HTTP/1.1" 404 721
0:0:0:0:0:0:0:1 - - [28/Nov/2024:12:20:40 +0900] "GET /firstzone/second1.do HTTP/1.1" 200 414
0:0:0:0:0:0:0:1 - - [28/Nov/2024:12:20:43 +0900] "POST /firstzone/second3.do HTTP/1.1" 200 155
127.0.0.1 - - [28/Nov/2024:12:41:06 +0900] "GET / HTTP/1.1" 404 807
0:0:0:0:0:0:0:1 - - [28/Nov/2024:12:41:08 +0900] "GET /firstzone/second4.do HTTP/1.1" 400 969
0:0:0:0:0:0:0:1 - - [28/Nov/2024:12:42:10 +0900] "GET /firstzone/second4.do HTTP/1.1" 400 969
0:0:0:0:0:0:0:1 - - [28/Nov/2024:12:43:02 +0900] "GET /firstzone/second1.do HTTP/1.1" 200 665
0:0:0:0:0:0:0:1 - - [28/Nov/2024:12:43:05 +0900] "GET /firstzone/second4.do?userid=zzilre&userpw=qwer HTTP/1.1" 200 155
127.0.0.1 - - [28/Nov/2024:14:13:16 +0900] "GET / HTTP/1.1" 404 807
0:0:0:0:0:0:0:1 - - [28/Nov/2024:14:13:42 +0900] "GET /firstzone/jsptest2/coffee.do HTTP/1.1" 404 721
0:0:0:0:0:0:0:1 - - [28/Nov/2024:14:13:52 +0900] "GET /firstzone/jspTest2/coffee.do HTTP/1.1" 200 494
0:0:0:0:0:0:0:1 - - [28/Nov/2024:14:19:48 +0900] "GET /firstzone/jspTest2/coffee.do HTTP/1.1" 200 503
0:0:0:0:0:0:0:1 - - [28/Nov/2024:14:19:50 +0900] "GET /firstzone/jspTest2/coffee2.do?department_id=100&department_name=%B0%B3%B9%DF%BA%CE&manager_id=120&location_id=1700 HTTP/1.1" 200 149
0:0:0:0:0:0:0:1 - - [28/Nov/2024:14:21:59 +0900] "GET /firstzone/jspTest2/coffee2.do?department_id=100&department_name=%B0%B3%B9%DF%BA%CE&manager_id=120&location_id=1700 HTTP/1.1" 200 149
127.0.0.1 - - [28/Nov/2024:14:22:07 +0900] "GET / HTTP/1.1" 404 807
0:0:0:0:0:0:0:1 - - [28/Nov/2024:14:22:12 +0900] "GET /firstzone/jspTest2/coffee.do HTTP/1.1" 200 503
0:0:0:0:0:0:0:1 - - [28/Nov/2024:14:22:13 +0900] "GET /firstzone/jspTest2/coffee2.do?department_id=100&department_name=%B0%B3%B9%DF%BA%CE&manager_id=120&location_id=1700 HTTP/1.1" 200 149
0:0:0:0:0:0:0:1 - - [28/Nov/2024:14:24:00 +0900] "GET /firstzone/jspTest2/coffee.do HTTP/1.1" 200 503
0:0:0:0:0:0:0:1 - - [28/Nov/2024:14:24:01 +0900] "GET /firstzone/jspTest2/coffee.do HTTP/1.1" 200 503
0:0:0:0:0:0:0:1 - - [28/Nov/2024:14:24:02 +0900] "GET /firstzone/jspTest2/coffee2.do?department_id=100&department_name=%B0%B3%B9%DF%BA%CE&manager_id=120&location_id=1700 HTTP/1.1" 200 149
0:0:0:0:0:0:0:1 - - [28/Nov/2024:14:24:07 +0900] "GET /firstzone/jspTest2/coffee.do HTTP/1.1" 200 503
0:0:0:0:0:0:0:1 - - [28/Nov/2024:14:24:07 +0900] "GET /firstzone/jspTest2/coffee.do HTTP/1.1" 200 503
0:0:0:0:0:0:0:1 - - [28/Nov/2024:14:24:08 +0900] "GET /firstzone/jspTest2/coffee2.do?department_id=100&department_name=%B0%B3%B9%DF%BA%CE&manager_id=120&location_id=1700 HTTP/1.1" 200 149
0:0:0:0:0:0:0:1 - - [28/Nov/2024:14:24:15 +0900] "GET /firstzone/jspTest2/coffee.do HTTP/1.1" 200 503
0:0:0:0:0:0:0:1 - - [28/Nov/2024:14:24:17 +0900] "GET /firstzone/jspTest2/coffee2.do?department_id=100&department_name=%B0%B3%B9%DF%BA%CE&manager_id=120&location_id=1700 HTTP/1.1" 200 149
0:0:0:0:0:0:0:1 - - [28/Nov/2024:14:34:31 +0900] "GET /firstzone/jspTest2/coffee.do HTTP/1.1" 200 503
0:0:0:0:0:0:0:1 - - [28/Nov/2024:14:34:32 +0900] "GET /firstzone/jspTest2/coffee.do HTTP/1.1" 200 503
0:0:0:0:0:0:0:1 - - [28/Nov/2024:14:34:32 +0900] "GET /firstzone/jspTest2/coffee.do HTTP/1.1" 200 503
0:0:0:0:0:0:0:1 - - [28/Nov/2024:14:34:42 +0900] "GET /firstzone/jspTest2/coffee3.do HTTP/1.1" 200 242
0:0:0:0:0:0:0:1 - - [28/Nov/2024:15:14:48 +0900] "GET /firstzone/dept/detail.do HTTP/1.1" 500 4147
127.0.0.1 - - [28/Nov/2024:15:15:02 +0900] "GET / HTTP/1.1" 404 807
0:0:0:0:0:0:0:1 - - [28/Nov/2024:15:15:04 +0900] "GET /firstzone/dept/detail.do HTTP/1.1" 500 4147
0:0:0:0:0:0:0:1 - - [28/Nov/2024:15:15:11 +0900] "GET /firstzone/dept/detail.do HTTP/1.1" 500 4147
0:0:0:0:0:0:0:1 - - [28/Nov/2024:15:15:33 +0900] "GET /firstzone/dept/detail.do HTTP/1.1" 500 4147
127.0.0.1 - - [28/Nov/2024:15:15:47 +0900] "GET / HTTP/1.1" 404 807
0:0:0:0:0:0:0:1 - - [28/Nov/2024:15:15:47 +0900] "GET /firstzone/dept/detail.do HTTP/1.1" 500 4147
0:0:0:0:0:0:0:1 - - [28/Nov/2024:15:15:51 +0900] "GET /firstzone/dept/detail.do HTTP/1.1" 500 4147
0:0:0:0:0:0:0:1 - - [28/Nov/2024:15:17:48 +0900] "GET /firstzone/dept/deptList.do HTTP/1.1" 200 7698
0:0:0:0:0:0:0:1 - - [28/Nov/2024:15:17:50 +0900] "GET /firstzone/dept/deptDetail.do?deptid=10 HTTP/1.1" 404 721
127.0.0.1 - - [28/Nov/2024:15:18:44 +0900] "GET / HTTP/1.1" 404 807
0:0:0:0:0:0:0:1 - - [28/Nov/2024:15:18:46 +0900] "GET /firstzone/dept/deptList.do HTTP/1.1" 200 7698
0:0:0:0:0:0:0:1 - - [28/Nov/2024:15:18:48 +0900] "GET /firstzone/dept/deptDetail.do?deptid=10 HTTP/1.1" 200 1570
0:0:0:0:0:0:0:1 - - [28/Nov/2024:15:19:06 +0900] "GET /firstzone/dept/deptDetail.do?deptid=30 HTTP/1.1" 200 1566
0:0:0:0:0:0:0:1 - - [28/Nov/2024:15:25:04 +0900] "GET /firstzone/dept/deptDetail.do?deptid=78 HTTP/1.1" 200 1565
0:0:0:0:0:0:0:1 - - [28/Nov/2024:15:25:10 +0900] "POST /firstzone/dept/deptDetail.do HTTP/1.1" 200 1547
0:0:0:0:0:0:0:1 - - [28/Nov/2024:15:25:30 +0900] "GET /firstzone/dept/deptList.do HTTP/1.1" 200 7713
127.0.0.1 - - [28/Nov/2024:15:26:10 +0900] "GET / HTTP/1.1" 404 807
0:0:0:0:0:0:0:1 - - [28/Nov/2024:15:26:11 +0900] "GET /firstzone/dept/deptList.do HTTP/1.1" 200 7713
0:0:0:0:0:0:0:1 - - [28/Nov/2024:15:26:12 +0900] "GET /firstzone/dept/deptDetail.do?deptid=78 HTTP/1.1" 200 1580
0:0:0:0:0:0:0:1 - - [28/Nov/2024:15:26:16 +0900] "POST /firstzone/dept/deptDetail.do HTTP/1.1" 200 1547
0:0:0:0:0:0:0:1 - - [28/Nov/2024:15:26:19 +0900] "GET /firstzone/dept/deptDetail.do?deptid=78 HTTP/1.1" 200 1565
0:0:0:0:0:0:0:1 - - [28/Nov/2024:15:26:20 +0900] "GET /firstzone/dept/deptList.do HTTP/1.1" 200 7698
127.0.0.1 - - [28/Nov/2024:15:30:32 +0900] "GET / HTTP/1.1" 404 807
0:0:0:0:0:0:0:1 - - [28/Nov/2024:15:30:32 +0900] "GET /firstzone/dept/deptDetail.do?deptid=78 HTTP/1.1" 200 1565
0:0:0:0:0:0:0:1 - - [28/Nov/2024:15:30:36 +0900] "POST /firstzone/dept/deptDetail.do HTTP/1.1" 200 1547
0:0:0:0:0:0:0:1 - - [28/Nov/2024:15:30:43 +0900] "GET /firstzone/dept/deptDetail.do?deptid=78 HTTP/1.1" 200 1568
0:0:0:0:0:0:0:1 - - [28/Nov/2024:15:30:45 +0900] "GET /firstzone/dept/deptList.do HTTP/1.1" 200 7701
0:0:0:0:0:0:0:1 - - [28/Nov/2024:15:30:45 +0900] "GET /firstzone/dept/deptList.do HTTP/1.1" 200 7701
0:0:0:0:0:0:0:1 - - [28/Nov/2024:15:30:45 +0900] "GET /firstzone/dept/deptList.do HTTP/1.1" 200 7701
0:0:0:0:0:0:0:1 - - [28/Nov/2024:15:30:45 +0900] "GET /firstzone/dept/deptList.do HTTP/1.1" 200 7701
0:0:0:0:0:0:0:1 - - [28/Nov/2024:15:30:45 +0900] "GET /firstzone/dept/deptList.do HTTP/1.1" 200 7701
0:0:0:0:0:0:0:1 - - [28/Nov/2024:15:30:46 +0900] "GET /firstzone/dept/deptDetail.do?deptid=78 HTTP/1.1" 200 1568
0:0:0:0:0:0:0:1 - - [28/Nov/2024:15:30:49 +0900] "POST /firstzone/dept/deptDetail.do HTTP/1.1" 200 1547
127.0.0.1 - - [28/Nov/2024:15:31:08 +0900] "GET / HTTP/1.1" 404 807
0:0:0:0:0:0:0:1 - - [28/Nov/2024:15:31:10 +0900] "GET /firstzone/dept/deptList.do HTTP/1.1" 200 7698
0:0:0:0:0:0:0:1 - - [28/Nov/2024:15:31:11 +0900] "GET /firstzone/dept/deptDetail.do?deptid=78 HTTP/1.1" 200 1565
0:0:0:0:0:0:0:1 - - [28/Nov/2024:15:31:14 +0900] "POST /firstzone/dept/deptDetail.do HTTP/1.1" 200 287
0:0:0:0:0:0:0:1 - - [28/Nov/2024:15:31:16 +0900] "GET /firstzone/dept/list.do HTTP/1.1" 404 721
127.0.0.1 - - [28/Nov/2024:15:31:40 +0900] "GET / HTTP/1.1" 404 807
0:0:0:0:0:0:0:1 - - [28/Nov/2024:15:31:42 +0900] "GET /firstzone/dept/deptList.do HTTP/1.1" 200 7701
0:0:0:0:0:0:0:1 - - [28/Nov/2024:15:31:43 +0900] "GET /firstzone/dept/deptDetail.do?deptid=78 HTTP/1.1" 200 1568
0:0:0:0:0:0:0:1 - - [28/Nov/2024:15:31:46 +0900] "POST /firstzone/dept/deptDetail.do HTTP/1.1" 200 289
0:0:0:0:0:0:0:1 - - [28/Nov/2024:15:31:47 +0900] "GET /firstzone/dept/deptList.do HTTP/1.1" 200 7698
127.0.0.1 - - [28/Nov/2024:15:35:04 +0900] "GET / HTTP/1.1" 404 807
0:0:0:0:0:0:0:1 - - [28/Nov/2024:15:35:06 +0900] "GET /firstzone/dept/deptList.do HTTP/1.1" 200 7698
0:0:0:0:0:0:0:1 - - [28/Nov/2024:15:35:16 +0900] "POST /firstzone/dept/deptInsert.do HTTP/1.1" 405 802
127.0.0.1 - - [28/Nov/2024:15:40:28 +0900] "GET / HTTP/1.1" 404 807
0:0:0:0:0:0:0:1 - - [28/Nov/2024:15:40:31 +0900] "GET /firstzone/dept/deptList.do HTTP/1.1" 200 7698
0:0:0:0:0:0:0:1 - - [28/Nov/2024:15:40:37 +0900] "POST /firstzone/dept/deptInsert.do HTTP/1.1" 302 -
0:0:0:0:0:0:0:1 - - [28/Nov/2024:15:40:37 +0900] "GET /firstzone/dept/deptDetail.do HTTP/1.1" 500 4551
0:0:0:0:0:0:0:1 - - [28/Nov/2024:15:41:28 +0900] "GET /firstzone/dept/deptList.do HTTP/1.1" 200 8096
0:0:0:0:0:0:0:1 - - [28/Nov/2024:15:41:29 +0900] "GET /firstzone/dept/Insert.do HTTP/1.1" 404 721
0:0:0:0:0:0:0:1 - - [28/Nov/2024:15:42:04 +0900] "GET /firstzone/dept/deptList.do HTTP/1.1" 200 8096
127.0.0.1 - - [28/Nov/2024:15:42:11 +0900] "GET / HTTP/1.1" 404 807
0:0:0:0:0:0:0:1 - - [28/Nov/2024:15:42:21 +0900] "POST /firstzone/dept/deptInsert.do HTTP/1.1" 302 -
0:0:0:0:0:0:0:1 - - [28/Nov/2024:15:42:22 +0900] "GET /firstzone/dept/deptList.do HTTP/1.1" 200 8517
0:0:0:0:0:0:0:1 - - [28/Nov/2024:15:42:25 +0900] "GET /firstzone/dept/delete.do?deptid=66 HTTP/1.1" 404 721
127.0.0.1 - - [28/Nov/2024:16:05:22 +0900] "GET / HTTP/1.1" 404 807
0:0:0:0:0:0:0:1 - - [28/Nov/2024:16:05:25 +0900] "GET /firstzone/dept/deptList.do HTTP/1.1" 200 8517
0:0:0:0:0:0:0:1 - - [28/Nov/2024:16:05:26 +0900] "POST /firstzone/dept/delete.do HTTP/1.1" 302 -
0:0:0:0:0:0:0:1 - - [28/Nov/2024:16:05:26 +0900] "GET /firstzone/dept/deptList.do HTTP/1.1" 200 8099
0:0:0:0:0:0:0:1 - - [28/Nov/2024:16:05:29 +0900] "GET /firstzone/dept/delete.do?deptid=67 HTTP/1.1" 302 -
0:0:0:0:0:0:0:1 - - [28/Nov/2024:16:05:29 +0900] "GET /firstzone/dept/deptList.do HTTP/1.1" 200 7698
127.0.0.1 - - [28/Nov/2024:16:25:14 +0900] "GET / HTTP/1.1" 404 807
0:0:0:0:0:0:0:1 - - [28/Nov/2024:16:25:22 +0900] "GET /firstzone/auth/login.do HTTP/1.1" 200 433
